// Jest Snapshot v1, https://goo.gl/fbAQLP

exports[`NoSeleciotn Snapshot matchs 1`] = `
<div
  className="makeStyles-root-1"
  data-testid="noSelection"
>
  <p
    className="MuiTypography-root makeStyles-noSelectText-2 MuiTypography-body1"
  >
    You have no selections in your Bet Slip
  </p>
  <div
    className="MuiBox-root MuiBox-root-4 makeStyles-optionBox-3"
  >
    <p
      className="MuiTypography-root MuiTypography-body1"
    >
      Go to In-Play bets
    </p>
  </div>
  <div
    className="MuiBox-root MuiBox-root-5 makeStyles-optionBox-3"
  >
    <p
      className="MuiTypography-root MuiTypography-body1"
    >
      Build an Accumulator
    </p>
  </div>
  <div
    className="MuiBox-root MuiBox-root-6 makeStyles-optionBox-3"
  >
    <p
      className="MuiTypography-root MuiTypography-body1"
    >
      Next Races
    </p>
  </div>
</div>
`;
